[0.766s][info][gc] Using Concurrent Mark Sweep
[4.532s][info][gc] GC(0) Pause Young (Allocation Failure) 532M->14M(1981M) 15.489ms
[4.535s][info][gc] GC(1) Pause Initial Mark 25M->25M(1981M) 2.555ms
[4.535s][info][gc] GC(1) Concurrent Mark
[4.536s][info][gc] GC(1) Concurrent Mark 1.349ms
[4.537s][info][gc] GC(1) Concurrent Preclean
[4.540s][info][gc] GC(1) Concurrent Preclean 3.418ms
[4.540s][info][gc] GC(1) Concurrent Abortable Preclean
[5.199s][info][gc] GC(1) Concurrent Abortable Preclean 659.169ms
[5.242s][info][gc] GC(1) Pause Remark 320M->320M(1981M) 42.744ms
[5.242s][info][gc] GC(1) Concurrent Sweep
[5.242s][info][gc] GC(1) Concurrent Sweep 0.023ms
[5.242s][info][gc] GC(1) Concurrent Reset
[5.245s][info][gc] GC(1) Concurrent Reset 2.612ms
[6.852s][info][gc] GC(2) Pause Young (Allocation Failure) 547M->53M(1981M) 32.571ms
[8.879s][info][gc] GC(3) Pause Initial Mark 278M->278M(1981M) 27.868ms
[8.879s][info][gc] GC(3) Concurrent Mark
[8.880s][info][gc] GC(3) Concurrent Mark 0.380ms
[8.880s][info][gc] GC(3) Concurrent Preclean
[8.882s][info][gc] GC(3) Concurrent Preclean 2.200ms
[8.882s][info][gc] GC(3) Concurrent Abortable Preclean
[14.189s][info][gc] GC(4) Pause Young (Allocation Failure) 585M->126M(1981M) 129.418ms
[14.249s][info][gc] GC(3) Concurrent Abortable Preclean 5367.358ms
[14.262s][info][gc] GC(3) Pause Remark 164M->164M(1981M) 12.589ms
[14.262s][info][gc] GC(3) Concurrent Sweep
[14.291s][info][gc] GC(3) Concurrent Sweep 28.926ms
[14.291s][info][gc] GC(3) Concurrent Reset
[14.293s][info][gc] GC(3) Concurrent Reset 1.550ms
[626.996s][info][gc] GC(5) Pause Young (Allocation Failure) 655M->256M(1981M) 21.182ms
[1752.228s][info][gc] GC(6) Pause Young (Allocation Failure) 789M->346M(1981M) 2351.365ms
[3028.737s][info][gc] GC(7) Pause Young (Allocation Failure) 878M->335M(1981M) 11.469ms
[3620.774s][info][gc] GC(8) Pause Young (Allocation Failure) 867M->336M(1981M) 23.694ms
[3970.782s][info][gc] GC(9) Pause Young (Allocation Failure) 869M->341M(1981M) 5.654ms
[4266.435s][info][gc] GC(10) Pause Young (Allocation Failure) 873M->343M(1981M) 10.015ms
[4576.345s][info][gc] GC(11) Pause Young (Allocation Failure) 876M->345M(1981M) 7.208ms
[4880.889s][info][gc] GC(12) Pause Young (Allocation Failure) 877M->344M(1981M) 8.472ms
[5182.884s][info][gc] GC(13) Pause Young (Allocation Failure) 877M->346M(1981M) 7.955ms
[5478.039s][info][gc] GC(14) Pause Young (Allocation Failure) 878M->344M(1981M) 8.518ms
[5771.841s][info][gc] GC(15) Pause Young (Allocation Failure) 876M->342M(1981M) 8.549ms
[6065.401s][info][gc] GC(16) Pause Young (Allocation Failure) 874M->340M(1981M) 6.626ms
[6357.198s][info][gc] GC(17) Pause Young (Allocation Failure) 873M->340M(1981M) 4.464ms
[6640.997s][info][gc] GC(18) Pause Young (Allocation Failure) 872M->340M(1981M) 3.698ms
[6880.995s][info][gc] GC(19) Pause Young (Allocation Failure) 873M->341M(1981M) 2.974ms
[7130.479s][info][gc] GC(20) Pause Young (Allocation Failure) 873M->340M(1981M) 5.836ms
[7342.723s][info][gc] GC(21) Pause Young (Allocation Failure) 873M->341M(1981M) 6.370ms
[7554.806s][info][gc] GC(22) Pause Young (Allocation Failure) 874M->341M(1981M) 5.519ms
[7766.902s][info][gc] GC(23) Pause Young (Allocation Failure) 873M->341M(1981M) 5.906ms
[7973.546s][info][gc] GC(24) Pause Young (Allocation Failure) 873M->341M(1981M) 7.924ms
[8181.086s][info][gc] GC(25) Pause Young (Allocation Failure) 873M->341M(1981M) 3.788ms
[8391.059s][info][gc] GC(26) Pause Young (Allocation Failure) 873M->341M(1981M) 3.754ms
[8601.015s][info][gc] GC(27) Pause Young (Allocation Failure) 873M->341M(1981M) 3.044ms
[8810.441s][info][gc] GC(28) Pause Young (Allocation Failure) 873M->340M(1981M) 4.349ms
[9019.266s][info][gc] GC(29) Pause Young (Allocation Failure) 873M->341M(1981M) 4.018ms
[9231.033s][info][gc] GC(30) Pause Young (Allocation Failure) 873M->341M(1981M) 13.539ms
[9438.286s][info][gc] GC(31) Pause Young (Allocation Failure) 873M->340M(1981M) 4.067ms
[9645.826s][info][gc] GC(32) Pause Young (Allocation Failure) 873M->341M(1981M) 4.450ms
[9857.930s][info][gc] GC(33) Pause Young (Allocation Failure) 873M->341M(1981M) 4.245ms
[10066.947s][info][gc] GC(34) Pause Young (Allocation Failure) 873M->341M(1981M) 6.987ms
[10272.199s][info][gc] GC(35) Pause Young (Allocation Failure) 873M->340M(1981M) 2.756ms
[10484.139s][info][gc] GC(36) Pause Young (Allocation Failure) 873M->341M(1981M) 5.388ms
[10692.930s][info][gc] GC(37) Pause Young (Allocation Failure) 873M->341M(1981M) 7.859ms
[10901.145s][info][gc] GC(38) Pause Young (Allocation Failure) 873M->341M(1981M) 2.786ms
[11111.066s][info][gc] GC(39) Pause Young (Allocation Failure) 873M->341M(1981M) 9.462ms
[11321.167s][info][gc] GC(40) Pause Young (Allocation Failure) 873M->341M(1981M) 2.608ms
[11531.146s][info][gc] GC(41) Pause Young (Allocation Failure) 873M->341M(1981M) 6.871ms
[11739.223s][info][gc] GC(42) Pause Young (Allocation Failure) 873M->340M(1981M) 5.236ms
[11948.949s][info][gc] GC(43) Pause Young (Allocation Failure) 873M->341M(1981M) 4.559ms
[12159.743s][info][gc] GC(44) Pause Young (Allocation Failure) 873M->341M(1981M) 3.967ms
[12367.948s][info][gc] GC(45) Pause Young (Allocation Failure) 873M->340M(1981M) 6.943ms
[12574.941s][info][gc] GC(46) Pause Young (Allocation Failure) 873M->341M(1981M) 4.447ms
[12787.061s][info][gc] GC(47) Pause Young (Allocation Failure) 873M->341M(1981M) 3.808ms
[12995.445s][info][gc] GC(48) Pause Young (Allocation Failure) 873M->341M(1981M) 9.336ms
[13201.343s][info][gc] GC(49) Pause Young (Allocation Failure) 873M->341M(1981M) 3.178ms
[13413.628s][info][gc] GC(50) Pause Young (Allocation Failure) 873M->341M(1981M) 4.515ms
[13622.089s][info][gc] GC(51) Pause Young (Allocation Failure) 873M->341M(1981M) 4.264ms
[13831.268s][info][gc] GC(52) Pause Young (Allocation Failure) 873M->341M(1981M) 2.412ms
[14041.256s][info][gc] GC(53) Pause Young (Allocation Failure) 873M->341M(1981M) 3.974ms
[14252.022s][info][gc] GC(54) Pause Young (Allocation Failure) 873M->341M(1981M) 13.204ms
[14461.280s][info][gc] GC(55) Pause Young (Allocation Failure) 873M->341M(1981M) 2.857ms
[14671.243s][info][gc] GC(56) Pause Young (Allocation Failure) 873M->341M(1981M) 9.729ms
[14878.375s][info][gc] GC(57) Pause Young (Allocation Failure) 873M->341M(1981M) 4.135ms
[15090.487s][info][gc] GC(58) Pause Young (Allocation Failure) 873M->341M(1981M) 4.261ms
[15300.643s][info][gc] GC(59) Pause Young (Allocation Failure) 874M->341M(1981M) 7.139ms
[15505.345s][info][gc] GC(60) Pause Young (Allocation Failure) 873M->340M(1981M) 10.367ms
[15717.041s][info][gc] GC(61) Pause Young (Allocation Failure) 873M->341M(1981M) 5.011ms
[15927.385s][info][gc] GC(62) Pause Young (Allocation Failure) 873M->341M(1981M) 8.058ms
[16133.985s][info][gc] GC(63) Pause Young (Allocation Failure) 873M->340M(1981M) 11.247ms
[16343.238s][info][gc] GC(64) Pause Young (Allocation Failure) 873M->341M(1981M) 3.569ms
[16554.628s][info][gc] GC(65) Pause Young (Allocation Failure) 873M->340M(1981M) 6.805ms
[16761.390s][info][gc] GC(66) Pause Young (Allocation Failure) 873M->341M(1981M) 2.993ms
[16970.999s][info][gc] GC(67) Pause Young (Allocation Failure) 873M->341M(1981M) 7.058ms
[17181.098s][info][gc] GC(68) Pause Young (Allocation Failure) 873M->341M(1981M) 5.594ms
[17391.341s][info][gc] GC(69) Pause Young (Allocation Failure) 873M->341M(1981M) 7.789ms
[17600.915s][info][gc] GC(70) Pause Young (Allocation Failure) 873M->340M(1981M) 10.967ms
[17807.290s][info][gc] GC(71) Pause Young (Allocation Failure) 873M->341M(1981M) 5.957ms
[18019.463s][info][gc] GC(72) Pause Young (Allocation Failure) 873M->341M(1981M) 5.776ms
[18227.995s][info][gc] GC(73) Pause Young (Allocation Failure) 873M->341M(1981M) 3.354ms
[18436.254s][info][gc] GC(74) Pause Young (Allocation Failure) 873M->340M(1981M) 4.038ms
[18645.897s][info][gc] GC(75) Pause Young (Allocation Failure) 873M->341M(1981M) 4.068ms
[18857.373s][info][gc] GC(76) Pause Young (Allocation Failure) 873M->340M(1981M) 3.751ms
[19063.159s][info][gc] GC(77) Pause Young (Allocation Failure) 873M->340M(1981M) 7.565ms
[19271.861s][info][gc] GC(78) Pause Young (Allocation Failure) 873M->341M(1981M) 5.040ms
[19483.889s][info][gc] GC(79) Pause Young (Allocation Failure) 873M->340M(1981M) 8.270ms
[19691.488s][info][gc] GC(80) Pause Young (Allocation Failure) 873M->341M(1981M) 3.467ms
[19901.182s][info][gc] GC(81) Pause Young (Allocation Failure) 873M->341M(1981M) 3.882ms
[20110.078s][info][gc] GC(82) Pause Young (Allocation Failure) 873M->341M(1981M) 4.314ms
[20321.501s][info][gc] GC(83) Pause Young (Allocation Failure) 873M->341M(1981M) 3.982ms
[20530.391s][info][gc] GC(84) Pause Young (Allocation Failure) 873M->341M(1981M) 4.400ms
[20736.967s][info][gc] GC(85) Pause Young (Allocation Failure) 873M->341M(1981M) 3.786ms
[20948.045s][info][gc] GC(86) Pause Young (Allocation Failure) 873M->341M(1981M) 4.588ms
[21160.073s][info][gc] GC(87) Pause Young (Allocation Failure) 873M->341M(1981M) 4.006ms
[21365.372s][info][gc] GC(88) Pause Young (Allocation Failure) 873M->340M(1981M) 6.943ms
[21574.123s][info][gc] GC(89) Pause Young (Allocation Failure) 873M->341M(1981M) 3.883ms
[21786.329s][info][gc] GC(90) Pause Young (Allocation Failure) 873M->341M(1981M) 4.297ms
[21996.156s][info][gc] GC(91) Pause Young (Allocation Failure) 873M->341M(1981M) 7.101ms
[22201.541s][info][gc] GC(92) Pause Young (Allocation Failure) 873M->341M(1981M) 3.701ms
[22412.135s][info][gc] GC(93) Pause Young (Allocation Failure) 873M->341M(1981M) 7.397ms
[22622.082s][info][gc] GC(94) Pause Young (Allocation Failure) 873M->341M(1981M) 7.734ms
[22831.577s][info][gc] GC(95) Pause Young (Allocation Failure) 873M->341M(1981M) 2.948ms
[23041.564s][info][gc] GC(96) Pause Young (Allocation Failure) 873M->341M(1981M) 10.134ms
[23254.478s][info][gc] GC(97) Pause Young (Allocation Failure) 873M->341M(1981M) 2.953ms
[23534.944s][info][gc] GC(98) Pause Young (Allocation Failure) 874M->341M(1981M) 4.392ms
[23812.102s][info][gc] GC(99) Pause Young (Allocation Failure) 874M->341M(1981M) 5.406ms
[24077.274s][info][gc] GC(100) Pause Young (Allocation Failure) 873M->341M(1981M) 10.653ms
[24335.495s][info][gc] GC(101) Pause Young (Allocation Failure) 873M->341M(1981M) 6.175ms
[24589.691s][info][gc] GC(102) Pause Young (Allocation Failure) 873M->341M(1981M) 9.212ms
[24836.415s][info][gc] GC(103) Pause Young (Allocation Failure) 874M->341M(1981M) 6.575ms
[25081.552s][info][gc] GC(104) Pause Young (Allocation Failure) 874M->341M(1981M) 10.263ms
[25316.602s][info][gc] GC(105) Pause Young (Allocation Failure) 873M->341M(1981M) 12.835ms
[25554.375s][info][gc] GC(106) Pause Young (Allocation Failure) 873M->341M(1981M) 6.325ms
[25780.318s][info][gc] GC(107) Pause Young (Allocation Failure) 873M->341M(1981M) 10.618ms
[26004.616s][info][gc] GC(108) Pause Young (Allocation Failure) 873M->341M(1981M) 3.913ms
[26224.577s][info][gc] GC(109) Pause Young (Allocation Failure) 873M->341M(1981M) 2.620ms
[26442.261s][info][gc] GC(110) Pause Young (Allocation Failure) 874M->341M(1981M) 10.050ms
[26654.583s][info][gc] GC(111) Pause Young (Allocation Failure) 874M->341M(1981M) 4.503ms
[26864.588s][info][gc] GC(112) Pause Young (Allocation Failure) 874M->341M(1981M) 2.638ms
[27073.532s][info][gc] GC(113) Pause Young (Allocation Failure) 874M->341M(1981M) 5.614ms
[27278.227s][info][gc] GC(114) Pause Young (Allocation Failure) 874M->341M(1981M) 7.786ms
[27484.611s][info][gc] GC(115) Pause Young (Allocation Failure) 873M->341M(1981M) 3.212ms
[27692.754s][info][gc] GC(116) Pause Young (Allocation Failure) 874M->341M(1981M) 7.076ms
[27899.499s][info][gc] GC(117) Pause Young (Allocation Failure) 873M->341M(1981M) 5.393ms
[28108.490s][info][gc] GC(118) Pause Young (Allocation Failure) 874M->341M(1981M) 4.063ms
[28314.766s][info][gc] GC(119) Pause Young (Allocation Failure) 874M->341M(1981M) 9.056ms
[28524.647s][info][gc] GC(120) Pause Young (Allocation Failure) 873M->341M(1981M) 2.729ms
[28730.273s][info][gc] GC(121) Pause Young (Allocation Failure) 874M->341M(1981M) 12.547ms
[28934.688s][info][gc] GC(122) Pause Young (Allocation Failure) 873M->341M(1981M) 3.130ms
[29144.615s][info][gc] GC(123) Pause Young (Allocation Failure) 873M->341M(1981M) 6.586ms
[29351.532s][info][gc] GC(124) Pause Young (Allocation Failure) 873M->341M(1981M) 5.845ms
[29560.502s][info][gc] GC(125) Pause Young (Allocation Failure) 874M->341M(1981M) 5.857ms
[29764.809s][info][gc] GC(126) Pause Young (Allocation Failure) 874M->341M(1981M) 4.611ms
[29974.692s][info][gc] GC(127) Pause Young (Allocation Failure) 874M->341M(1981M) 4.232ms
[30181.838s][info][gc] GC(128) Pause Young (Allocation Failure) 874M->341M(1981M) 8.168ms
[30387.563s][info][gc] GC(129) Pause Young (Allocation Failure) 874M->341M(1981M) 11.576ms
[30594.731s][info][gc] GC(130) Pause Young (Allocation Failure) 873M->341M(1981M) 20.639ms
[30804.662s][info][gc] GC(131) Pause Young (Allocation Failure) 874M->341M(1981M) 6.547ms
[31012.526s][info][gc] GC(132) Pause Young (Allocation Failure) 873M->341M(1981M) 6.264ms
[31221.522s][info][gc] GC(133) Pause Young (Allocation Failure) 874M->342M(1981M) 15.514ms
